Godot Engine v4.6.2.stable.official.71f334935 - https://godotengine.org

==================================================
     Study Chicken Race - Core Unit Tests         
==================================================

--- Test 1: Deck Initialization & Operations ---
  [PASS] Standard deck contains exactly 55 cards.
  [PASS] Successfully drawn card.
  [PASS] Hand contains 1 card after draw.
  [PASS] Draw pile decreases to 54 cards.

--- Test 2: Scoring, Combos, and Wildcards ---
  [PASS] Scenario A: Normal hand score subtotal 12, combo 0, five-subject 0.
  [PASS] Scenario B: Consecutive combo of 2 maths yields +3 bonus points.
  [PASS] Scenario C: Wildcard completes 5-subject set, yielding bounded +10 points bonus.

--- Test 3: AI Day Simulation & Bluff Decision ---
  [PASS] Simulate Cautious CPU day returns actual score and hours log.
  [PASS] Bluff generator does not exceed Cautious limits.

--- Test 4: Game Session Showdown Logic ---
  [PASS] Showdown evaluation successfully computes final scores, rankings, and titles.
  [PASS] Rankings contains exactly 4 players.
==================================================
  RESULT: ALL TESTS PASSED SUCCESSFULLY! (GREEN)
==================================================
